172.19.0.1 - - [16/Jan/2026:17:52:47 +0000] "GET /api/v1/ws/chat/ HTTP/1.1" 401 "Mozilla/5.0 (Windows NT 10.0; Win64; x64; rv:147.0) Gecko/20100101 Firefox/147.0"
172.19.0.5 - - [16/Jan/2026:17:52:49 +0000] "GET /api/v1/chats/available-users HTTP/1.1" 200 "node"
172.19.0.1 - - [16/Jan/2026:17:52:49 +0000] "GET /uploads/profile_pictures/89709bff-22eb-4939-b737-3c9c555e1f7f.jpg HTTP/1.1" 404 "Mozilla/5.0 (Windows NT 10.0; Win64; x64; rv:147.0) Gecko/20100101 Firefox/147.0"
172.19.0.5 - - [16/Jan/2026:17:52:51 +0000] "POST /api/v1/chats/ HTTP/1.1" 400 "node"
172.19.0.1 - - [16/Jan/2026:17:52:51 +0000] "GET /uploads/profile_pictures/89709bff-22eb-4939-b737-3c9c555e1f7f.jpg HTTP/1.1" 404 "Mozilla/5.0 (Windows NT 10.0; Win64; x64; rv:147.0) Gecko/20100101 Firefox/147.0"
172.19.0.5 - - [16/Jan/2026:17:52:51 +0000] "POST /api/v1/chats/ HTTP/1.1" 400 "node"
172.19.0.1 - - [16/Jan/2026:17:52:51 +0000] "GET /uploads/profile_pictures/89709bff-22eb-4939-b737-3c9c555e1f7f.jpg HTTP/1.1" 404 "Mozilla/5.0 (Windows NT 10.0; Win64; x64; rv:147.0) Gecko/20100101 Firefox/147.0"
172.19.0.5 - - [16/Jan/2026:17:52:51 +0000] "POST /api/v1/chats/ HTTP/1.1" 400 "node"
172.19.0.1 - - [16/Jan/2026:17:52:51 +0000] "GET /uploads/profile_pictures/89709bff-22eb-4939-b737-3c9c555e1f7f.jpg HTTP/1.1" 404 "Mozilla/5.0 (Windows NT 10.0; Win64; x64; rv:147.0) Gecko/20100101 Firefox/147.0"
172.19.0.5 - - [16/Jan/2026:17:52:52 +0000] "POST /api/v1/chats/ HTTP/1.1" 400 "node"
172.19.0.1 - - [16/Jan/2026:17:52:52 +0000] "GET /uploads/profile_pictures/89709bff-22eb-4939-b737-3c9c555e1f7f.jpg HTTP/1.1" 404 "Mozilla/5.0 (Windows NT 10.0; Win64; x64; rv:147.0) Gecko/20100101 Firefox/147.0"
172.19.0.5 - - [16/Jan/2026:17:52:52 +0000] "POST /api/v1/chats/ HTTP/1.1" 400 "node"
172.19.0.1 - - [16/Jan/2026:17:52:52 +0000] "GET /uploads/profile_pictures/89709bff-22eb-4939-b737-3c9c555e1f7f.jpg HTTP/1.1" 404 "Mozilla/5.0 (Windows NT 10.0; Win64; x64; rv:147.0) Gecko/20100101 Firefox/147.0"
172.19.0.1 - - [16/Jan/2026:17:53:02 +0000] "GET /api/v1/ws/chat/ HTTP/1.1" 401 "Mozilla/5.0 (Windows NT 10.0; Win64; x64; rv:147.0) Gecko/20100101 Firefox/147.0"
172.19.0.1 - - [16/Jan/2026:17:53:28 +0000] "GET /api/v1/ws/chat/ HTTP/1.1" 401 "Mozilla/5.0 (Windows NT 10.0; Win64; x64; rv:147.0) Gecko/20100101 Firefox/147.0"
172.19.0.5 - - [16/Jan/2026:17:53:50 +0000] "POST /api/v1/chats/ HTTP/1.1" 400 "node"
172.19.0.1 - - [16/Jan/2026:17:53:50 +0000] "GET /uploads/profile_pictures/89709bff-22eb-4939-b737-3c9c555e1f7f.jpg HTTP/1.1" 404 "Mozilla/5.0 (Windows NT 10.0; Win64; x64; rv:147.0) Gecko/20100101 Firefox/147.0"
172.19.0.1 - - [16/Jan/2026:17:53:58 +0000] "GET /api/v1/ws/chat/ HTTP/1.1" 401 "Mozilla/5.0 (Windows NT 10.0; Win64; x64; rv:147.0) Gecko/20100101 Firefox/147.0"
172.19.0.1 - - [16/Jan/2026:17:54:30 +0000] "GET /api/v1/ws/chat/ HTTP/1.1" 401 "Mozilla/5.0 (Windows NT 10.0; Win64; x64; rv:147.0) Gecko/20100101 Firefox/147.0"
172.19.0.1 - - [16/Jan/2026:17:55:19 +0000] "GET /api/v1/ws/chat/ HTTP/1.1" 401 "Mozilla/5.0 (Windows NT 10.0; Win64; x64; rv:147.0) Gecko/20100101 Firefox/147.0"
172.19.0.1 - - [16/Jan/2026:17:56:19 +0000] "GET /api/v1/ws/chat/ HTTP/1.1" 401 "Mozilla/5.0 (Windows NT 10.0; Win64; x64; rv:147.0) Gecko/20100101 Firefox/147.0"
172.19.0.5 - - [16/Jan/2026:18:27:46 +0000] "POST /api/v1/chats/ HTTP/1.1" 400 "node"
172.19.0.1 - - [16/Jan/2026:18:27:46 +0000] "GET /uploads/profile_pictures/89709bff-22eb-4939-b737-3c9c555e1f7f.jpg HTTP/1.1" 404 "Mozilla/5.0 (Windows NT 10.0; Win64; x64; rv:147.0) Gecko/20100101 Firefox/147.0"
172.19.0.5 - - [16/Jan/2026:18:27:47 +0000] "POST /api/v1/chats/ HTTP/1.1" 400 "node"
172.19.0.1 - - [16/Jan/2026:18:27:47 +0000] "GET /uploads/profile_pictures/89709bff-22eb-4939-b737-3c9c555e1f7f.jpg HTTP/1.1" 404 "Mozilla/5.0 (Windows NT 10.0; Win64; x64; rv:147.0) Gecko/20100101 Firefox/147.0"
172.19.0.5 - - [16/Jan/2026:18:34:42 +0000] "GET /api/v1/profile_pictures/ HTTP/1.1" 200 "axios/1.12.2"
172.19.0.5 - - [16/Jan/2026:18:34:42 +0000] "GET /api/v1/role/ HTTP/1.1" 200 "axios/1.12.2"
172.19.0.5 - - [16/Jan/2026:18:34:42 +0000] "GET /api/v1/personal_data/ HTTP/1.1" 200 "node"
172.19.0.5 - - [16/Jan/2026:18:34:46 +0000] "GET /api/v1/chats/available-users HTTP/1.1" 200 "node"
172.19.0.1 - - [16/Jan/2026:18:34:46 +0000] "GET /uploads/profile_pictures/89709bff-22eb-4939-b737-3c9c555e1f7f.jpg HTTP/1.1" 404 "Mozilla/5.0 (Windows NT 10.0; Win64; x64; rv:147.0) Gecko/20100101 Firefox/147.0"
172.19.0.5 - - [16/Jan/2026:18:34:49 +0000] "POST /api/v1/chats/ HTTP/1.1" 400 "axios/1.12.2"
172.19.0.1 - - [16/Jan/2026:18:34:49 +0000] "GET /uploads/profile_pictures/89709bff-22eb-4939-b737-3c9c555e1f7f.jpg HTTP/1.1" 404 "Mozilla/5.0 (Windows NT 10.0; Win64; x64; rv:147.0) Gecko/20100101 Firefox/147.0"
172.19.0.5 - - [16/Jan/2026:18:35:00 +0000] "POST /api/v1/chats/ HTTP/1.1" 400 "axios/1.12.2"
172.19.0.1 - - [16/Jan/2026:18:35:00 +0000] "GET /uploads/profile_pictures/89709bff-22eb-4939-b737-3c9c555e1f7f.jpg HTTP/1.1" 404 "Mozilla/5.0 (Windows NT 10.0; Win64; x64; rv:147.0) Gecko/20100101 Firefox/147.0"
172.19.0.1 - - [16/Jan/2026:18:35:05 +0000] "GET /api/v1/ws/chat/ HTTP/1.1" 401 "Mozilla/5.0 (Windows NT 10.0; Win64; x64; rv:147.0) Gecko/20100101 Firefox/147.0"
172.19.0.1 - - [16/Jan/2026:18:35:09 +0000] "GET /api/v1/ws/chat/ HTTP/1.1" 401 "Mozilla/5.0 (Windows NT 10.0; Win64; x64; rv:147.0) Gecko/20100101 Firefox/147.0"
172.19.0.5 - - [16/Jan/2026:18:35:12 +0000] "GET /api/v1/chats/ HTTP/1.1" 500 "axios/1.12.2"
172.19.0.1 - - [16/Jan/2026:18:35:16 +0000] "GET /api/v1/ws/chat/ HTTP/1.1" 401 "Mozilla/5.0 (Windows NT 10.0; Win64; x64; rv:147.0) Gecko/20100101 Firefox/147.0"
172.19.0.1 - - [16/Jan/2026:18:35:20 +0000] "GET /api/v1/ws/chat/ HTTP/1.1" 401 "Mozilla/5.0 (Windows NT 10.0; Win64; x64; rv:147.0) Gecko/20100101 Firefox/147.0"
172.19.0.5 - - [16/Jan/2026:18:35:20 +0000] "GET /api/v1/role/ HTTP/1.1" 200 "axios/1.12.2"
172.19.0.5 - - [16/Jan/2026:18:35:20 +0000] "GET /api/v1/personal_data/ HTTP/1.1" 200 "node"
172.19.0.5 - - [16/Jan/2026:18:35:20 +0000] "GET /api/v1/chats/ HTTP/1.1" 500 "axios/1.12.2"
172.19.0.5 - - [16/Jan/2026:18:35:20 +0000] "GET /api/v1/profile_pictures/ HTTP/1.1" 200 "axios/1.12.2"
172.19.0.1 - - [16/Jan/2026:18:35:23 +0000] "GET /api/v1/ws/chat/ HTTP/1.1" 401 "Mozilla/5.0 (Windows NT 10.0; Win64; x64; rv:147.0) Gecko/20100101 Firefox/147.0"
172.19.0.5 - - [16/Jan/2026:18:35:24 +0000] "GET /api/v1/courses/ HTTP/1.1" 200 "node"
172.19.0.5 - - [16/Jan/2026:18:35:25 +0000] "GET /api/v1/courses/ HTTP/1.1" 200 "node"
172.19.0.5 - - [16/Jan/2026:18:35:32 +0000] "PUT /api/v1/profile_pictures/ HTTP/1.1" 400 "axios/1.12.2"
172.19.0.5 - - [16/Jan/2026:18:35:34 +0000] "POST /api/v1/logout/ HTTP/1.1" 200 "axios/1.12.2"
172.19.0.5 - - [16/Jan/2026:18:35:37 +0000] "POST /api/v1/roles/ HTTP/1.1" 200 "axios/1.12.2"
172.19.0.5 - - [16/Jan/2026:18:35:37 +0000] "POST /api/v1/login/ HTTP/1.1" 200 "axios/1.12.2"
172.19.0.5 - - [16/Jan/2026:18:35:37 +0000] "GET /api/v1/role/ HTTP/1.1" 200 "axios/1.12.2"
172.19.0.5 - - [16/Jan/2026:18:35:37 +0000] "GET /api/v1/personal_data/ HTTP/1.1" 200 "node"
172.19.0.5 - - [16/Jan/2026:18:35:37 +0000] "GET /api/v1/profile_pictures/ HTTP/1.1" 200 "axios/1.12.2"
172.19.0.5 - - [16/Jan/2026:18:35:38 +0000] "GET /api/v1/courses/ HTTP/1.1" 200 "node"
172.19.0.5 - - [16/Jan/2026:18:35:38 +0000] "GET /api/v1/assessments/ HTTP/1.1" 200 "node"
172.19.0.5 - - [16/Jan/2026:18:35:38 +0000] "GET /api/v1/messages/ HTTP/1.1" 200 "node"
172.19.0.5 - - [16/Jan/2026:18:35:38 +0000] "GET /api/v1/subjects/ HTTP/1.1" 200 "node"
172.19.0.5 - - [16/Jan/2026:18:35:43 +0000] "PUT /api/v1/profile_pictures/ HTTP/1.1" 200 "axios/1.12.2"
172.19.0.5 - - [16/Jan/2026:18:35:43 +0000] "GET /api/v1/role/ HTTP/1.1" 200 "axios/1.12.2"
172.19.0.5 - - [16/Jan/2026:18:35:43 +0000] "GET /api/v1/personal_data/ HTTP/1.1" 200 "node"
172.19.0.5 - - [16/Jan/2026:18:35:43 +0000] "GET /api/v1/profile_pictures/ HTTP/1.1" 200 "axios/1.12.2"
172.19.0.5 - - [16/Jan/2026:18:35:43 +0000] "GET /api/v1/personal_data/ HTTP/1.1" 200 "node"
172.19.0.5 - - [16/Jan/2026:18:35:43 +0000] "GET /api/v1/role/ HTTP/1.1" 200 "axios/1.12.2"
172.19.0.5 - - [16/Jan/2026:18:35:43 +0000] "GET /api/v1/profile_pictures/ HTTP/1.1" 200 "axios/1.12.2"
172.19.0.5 - - [16/Jan/2026:18:35:43 +0000] "GET /uploads/profile_pictures/f6b59c02-f890-4687-9a2c-51594e738aef.jpg HTTP/1.1" 200 "axios/1.12.2"
172.19.0.5 - - [16/Jan/2026:18:35:45 +0000] "PUT /api/v1/profile_pictures/ HTTP/1.1" 200 "axios/1.12.2"
172.19.0.5 - - [16/Jan/2026:18:35:45 +0000] "GET /api/v1/personal_data/ HTTP/1.1" 200 "node"
172.19.0.5 - - [16/Jan/2026:18:35:45 +0000] "GET /api/v1/role/ HTTP/1.1" 200 "axios/1.12.2"
172.19.0.5 - - [16/Jan/2026:18:35:45 +0000] "GET /api/v1/profile_pictures/ HTTP/1.1" 200 "axios/1.12.2"
172.19.0.5 - - [16/Jan/2026:18:35:45 +0000] "GET /api/v1/personal_data/ HTTP/1.1" 200 "node"
172.19.0.5 - - [16/Jan/2026:18:35:45 +0000] "GET /uploads/profile_pictures/e8984959-3fc9-4f5f-a554-0ce886bb1e3e.jpg HTTP/1.1" 200 "axios/1.12.2"
172.19.0.5 - - [16/Jan/2026:18:35:45 +0000] "GET /api/v1/role/ HTTP/1.1" 200 "axios/1.12.2"
172.19.0.5 - - [16/Jan/2026:18:35:45 +0000] "GET /api/v1/profile_pictures/ HTTP/1.1" 200 "axios/1.12.2"
172.19.0.5 - - [16/Jan/2026:18:35:48 +0000] "PUT /api/v1/profile_pictures/ HTTP/1.1" 400 "axios/1.12.2"
172.19.0.5 - - [16/Jan/2026:18:35:52 +0000] "PUT /api/v1/profile_pictures/ HTTP/1.1" 200 "axios/1.12.2"
172.19.0.5 - - [16/Jan/2026:18:35:52 +0000] "GET /api/v1/personal_data/ HTTP/1.1" 200 "node"
172.19.0.5 - - [16/Jan/2026:18:35:52 +0000] "GET /api/v1/profile_pictures/ HTTP/1.1" 200 "axios/1.12.2"
172.19.0.5 - - [16/Jan/2026:18:35:52 +0000] "GET /api/v1/role/ HTTP/1.1" 200 "axios/1.12.2"
172.19.0.5 - - [16/Jan/2026:18:35:52 +0000] "GET /api/v1/personal_data/ HTTP/1.1" 200 "node"
172.19.0.5 - - [16/Jan/2026:18:35:52 +0000] "GET /uploads/profile_pictures/f6648ed8-a559-453f-a0a2-f1f24d80afbd.jpg HTTP/1.1" 200 "axios/1.12.2"
172.19.0.5 - - [16/Jan/2026:18:35:52 +0000] "GET /api/v1/role/ HTTP/1.1" 200 "axios/1.12.2"
172.19.0.5 - - [16/Jan/2026:18:35:52 +0000] "GET /api/v1/profile_pictures/ HTTP/1.1" 200 "axios/1.12.2"
172.19.0.5 - - [16/Jan/2026:18:35:56 +0000] "GET /api/v1/courses/ HTTP/1.1" 200 "node"
172.19.0.5 - - [16/Jan/2026:18:35:56 +0000] "GET /api/v1/messages/ HTTP/1.1" 200 "node"
172.19.0.5 - - [16/Jan/2026:18:35:56 +0000] "GET /api/v1/assessments/ HTTP/1.1" 200 "node"
172.19.0.5 - - [16/Jan/2026:18:35:56 +0000] "GET /api/v1/subjects/ HTTP/1.1" 200 "node"
172.19.0.1 - - [16/Jan/2026:18:36:01 +0000] "GET /api/v1/ws/chat/ HTTP/1.1" 401 "Mozilla/5.0 (Windows NT 10.0; Win64; x64; rv:147.0) Gecko/20100101 Firefox/147.0"
172.19.0.5 - - [16/Jan/2026:18:36:01 +0000] "GET /api/v1/chats/ HTTP/1.1" 500 "axios/1.12.2"
172.19.0.5 - - [16/Jan/2026:18:36:04 +0000] "GET /api/v1/chats/available-users HTTP/1.1" 200 "node"
172.19.0.1 - - [16/Jan/2026:18:36:04 +0000] "GET /uploads/profile_pictures/89709bff-22eb-4939-b737-3c9c555e1f7f.jpg HTTP/1.1" 404 "Mozilla/5.0 (Windows NT 10.0; Win64; x64; rv:147.0) Gecko/20100101 Firefox/147.0"
172.19.0.1 - - [16/Jan/2026:18:36:05 +0000] "GET /api/v1/ws/chat/ HTTP/1.1" 401 "Mozilla/5.0 (Windows NT 10.0; Win64; x64; rv:147.0) Gecko/20100101 Firefox/147.0"
172.19.0.5 - - [16/Jan/2026:18:36:07 +0000] "POST /api/v1/chats/ HTTP/1.1" 500 "axios/1.12.2"
172.19.0.1 - - [16/Jan/2026:18:36:07 +0000] "GET /uploads/profile_pictures/89709bff-22eb-4939-b737-3c9c555e1f7f.jpg HTTP/1.1" 404 "Mozilla/5.0 (Windows NT 10.0; Win64; x64; rv:147.0) Gecko/20100101 Firefox/147.0"
172.19.0.1 - - [16/Jan/2026:18:36:12 +0000] "GET /api/v1/ws/chat/ HTTP/1.1" 401 "Mozilla/5.0 (Windows NT 10.0; Win64; x64; rv:147.0) Gecko/20100101 Firefox/147.0"
172.19.0.1 - - [16/Jan/2026:18:36:22 +0000] "GET /api/v1/ws/chat/ HTTP/1.1" 401 "Mozilla/5.0 (Windows NT 10.0; Win64; x64; rv:147.0) Gecko/20100101 Firefox/147.0"
172.19.0.1 - - [16/Jan/2026:18:36:36 +0000] "GET /api/v1/ws/chat/ HTTP/1.1" 401 "Mozilla/5.0 (Windows NT 10.0; Win64; x64; rv:147.0) Gecko/20100101 Firefox/147.0"
172.19.0.1 - - [16/Jan/2026:18:36:58 +0000] "GET /api/v1/ws/chat/ HTTP/1.1" 401 "Mozilla/5.0 (Windows NT 10.0; Win64; x64; rv:147.0) Gecko/20100101 Firefox/147.0"
172.19.0.1 - - [16/Jan/2026:18:37:31 +0000] "GET /api/v1/ws/chat/ HTTP/1.1" 401 "Mozilla/5.0 (Windows NT 10.0; Win64; x64; rv:147.0) Gecko/20100101 Firefox/147.0"
172.19.0.1 - - [16/Jan/2026:18:38:21 +0000] "GET /api/v1/ws/chat/ HTTP/1.1" 401 "Mozilla/5.0 (Windows NT 10.0; Win64; x64; rv:147.0) Gecko/20100101 Firefox/147.0"
172.19.0.1 - - [16/Jan/2026:18:39:21 +0000] "GET /api/v1/ws/chat/ HTTP/1.1" 401 "Mozilla/5.0 (Windows NT 10.0; Win64; x64; rv:147.0) Gecko/20100101 Firefox/147.0"
172.19.0.1 - - [16/Jan/2026:18:40:21 +0000] "GET /api/v1/ws/chat/ HTTP/1.1" 401 "Mozilla/5.0 (Windows NT 10.0; Win64; x64; rv:147.0) Gecko/20100101 Firefox/147.0"
172.19.0.1 - - [16/Jan/2026:18:41:21 +0000] "GET /api/v1/ws/chat/ HTTP/1.1" 401 "Mozilla/5.0 (Windows NT 10.0; Win64; x64; rv:147.0) Gecko/20100101 Firefox/147.0"
172.19.0.1 - - [16/Jan/2026:19:45:39 +0000] "GET /api/v1/ws/chat/ HTTP/1.1" 401 "Mozilla/5.0 (Windows NT 10.0; Win64; x64; rv:147.0) Gecko/20100101 Firefox/147.0"
172.19.0.5 - - [16/Jan/2026:19:45:40 +0000] "GET /api/v1/role/ HTTP/1.1" 401 "axios/1.12.2"
172.19.0.5 - - [16/Jan/2026:19:45:40 +0000] "GET /api/v1/personal_data/ HTTP/1.1" 401 "node"
172.19.0.5 - - [16/Jan/2026:19:45:40 +0000] "GET /api/v1/profile_pictures/ HTTP/1.1" 401 "axios/1.12.2"
172.19.0.5 - - [16/Jan/2026:19:45:40 +0000] "GET /api/v1/chats/ HTTP/1.1" 401 "axios/1.12.2"
172.19.0.5 - - [16/Jan/2026:19:45:40 +0000] "GET /api/v1/personal_data/ HTTP/1.1" 401 "node"
172.19.0.5 - - [16/Jan/2026:19:45:40 +0000] "GET /api/v1/role/ HTTP/1.1" 401 "axios/1.12.2"
172.19.0.5 - - [16/Jan/2026:19:45:40 +0000] "GET /api/v1/profile_pictures/ HTTP/1.1" 401 "axios/1.12.2"
172.19.0.1 - - [16/Jan/2026:19:45:42 +0000] "GET /api/v1/ws/chat/ HTTP/1.1" 401 "Mozilla/5.0 (Windows NT 10.0; Win64; x64; rv:147.0) Gecko/20100101 Firefox/147.0"
172.19.0.5 - - [16/Jan/2026:19:45:47 +0000] "POST /api/v1/roles/ HTTP/1.1" 200 "axios/1.12.2"
172.19.0.5 - - [16/Jan/2026:19:45:47 +0000] "POST /api/v1/login/ HTTP/1.1" 200 "axios/1.12.2"
172.19.0.5 - - [16/Jan/2026:19:45:48 +0000] "GET /api/v1/role/ HTTP/1.1" 200 "axios/1.12.2"
172.19.0.5 - - [16/Jan/2026:19:45:48 +0000] "GET /api/v1/profile_pictures/ HTTP/1.1" 200 "axios/1.12.2"
172.19.0.5 - - [16/Jan/2026:19:45:48 +0000] "GET /api/v1/personal_data/ HTTP/1.1" 200 "node"
172.19.0.5 - - [16/Jan/2026:19:45:48 +0000] "GET /api/v1/courses/ HTTP/1.1" 200 "node"
172.19.0.5 - - [16/Jan/2026:19:45:48 +0000] "GET /api/v1/assessments/ HTTP/1.1" 200 "node"
172.19.0.5 - - [16/Jan/2026:19:45:48 +0000] "GET /api/v1/messages/ HTTP/1.1" 200 "node"
172.19.0.5 - - [16/Jan/2026:19:45:48 +0000] "GET /api/v1/subjects/ HTTP/1.1" 200 "node"
172.19.0.1 - - [16/Jan/2026:19:45:51 +0000] "GET /api/v1/ws/chat/ HTTP/1.1" 401 "Mozilla/5.0 (Windows NT 10.0; Win64; x64; rv:147.0) Gecko/20100101 Firefox/147.0"
172.19.0.5 - - [16/Jan/2026:19:45:51 +0000] "GET /api/v1/chats/ HTTP/1.1" 500 "axios/1.12.2"
172.19.0.5 - - [16/Jan/2026:19:45:53 +0000] "GET /api/v1/chats/available-users HTTP/1.1" 200 "node"
172.19.0.1 - - [16/Jan/2026:19:45:53 +0000] "GET /uploads/profile_pictures/89709bff-22eb-4939-b737-3c9c555e1f7f.jpg HTTP/1.1" 404 "Mozilla/5.0 (Windows NT 10.0; Win64; x64; rv:147.0) Gecko/20100101 Firefox/147.0"
172.19.0.1 - - [16/Jan/2026:19:45:54 +0000] "GET /api/v1/ws/chat/ HTTP/1.1" 401 "Mozilla/5.0 (Windows NT 10.0; Win64; x64; rv:147.0) Gecko/20100101 Firefox/147.0"
172.19.0.5 - - [16/Jan/2026:19:45:55 +0000] "POST /api/v1/chats/ HTTP/1.1" 400 "axios/1.12.2"
172.19.0.1 - - [16/Jan/2026:19:45:55 +0000] "GET /uploads/profile_pictures/89709bff-22eb-4939-b737-3c9c555e1f7f.jpg HTTP/1.1" 404 "Mozilla/5.0 (Windows NT 10.0; Win64; x64; rv:147.0) Gecko/20100101 Firefox/147.0"
172.19.0.5 - - [16/Jan/2026:19:45:57 +0000] "GET /api/v1/courses/ HTTP/1.1" 200 "node"
172.19.0.5 - - [16/Jan/2026:19:45:59 +0000] "GET /api/v1/students/?course_id=34 HTTP/1.1" 200 "node"
172.19.0.5 - - [16/Jan/2026:19:45:59 +0000] "GET /api/v1/students/?course_id=34 HTTP/1.1" 200 "node"
172.19.0.5 - - [16/Jan/2026:19:45:59 +0000] "GET /uploads/profile_pictures/89709bff-22eb-4939-b737-3c9c555e1f7f.jpg HTTP/1.1" 404 "axios/1.12.2"
